PASS default dock and pinned transform
PASS search and choose G pen without closing the dock
PASS pen and eraser switch without moving the canvas
PASS draw and open precision transform through the rail
PASS numeric transform, cancel draft, undo and redo
PASS transformed drawing reaches durable recovery storage
PASS collapse, restore and undo the workspace layout
PASS no page-wide overflow on a small desktop
PASS reopen transformed drawing from local recovery
PASS mobile transform entry and non-overlapping editor chrome
{
  "observations": [
    {
      "name": "default dock and pinned transform",
      "passed": true
    },
    {
      "name": "search and choose G pen without closing the dock",
      "passed": true
    },
    {
      "name": "pen and eraser switch without moving the canvas",
      "passed": true
    },
    {
      "name": "draw and open precision transform through the rail",
      "passed": true
    },
    {
      "name": "numeric transform, cancel draft, undo and redo",
      "passed": true
    },
    {
      "name": "transformed drawing reaches durable recovery storage",
      "passed": true
    },
    {
      "name": "collapse, restore and undo the workspace layout",
      "passed": true
    },
    {
      "name": "no page-wide overflow on a small desktop",
      "passed": true
    },
    {
      "name": "reopen transformed drawing from local recovery",
      "passed": true
    },
    {
      "name": "mobile transform entry and non-overlapping editor chrome",
      "passed": true
    }
  ],
  "errors": []
}
